.next/dev/types/validator.ts(891,31): error TS2344: Type 'typeof import("D:/BHAGOH PROJECT/Stock_Pilot/app/api/external-api/logs/[id]/retry/route")' does not satisfy the constraint 'RouteHandlerConfig<"/api/external-api/logs/[id]/retry">'.
  Types of property 'POST' are incompatible.
    Type '(request: NextRequest, { params }: { params: { id: string; }; }) => Promise<NextResponse<{ success: boolean; error: string; }> | NextResponse<{ success: boolean; message: string; }>>' is not assignable to type '(request: NextRequest, context: { params: Promise<{ id: string; }>; }) => void | Response | Promise<void | Response>'.
      Types of parameters '__1' and 'context' are incompatible.
        Type '{ params: Promise<{ id: string; }>; }' is not assignable to type '{ params: { id: string; }; }'.
          Types of property 'params' are incompatible.
            Property 'id' is missing in type 'Promise<{ id: string; }>' but required in type '{ id: string; }'.
.next/dev/types/validator.ts(1548,31): error TS2344: Type 'typeof import("D:/BHAGOH PROJECT/Stock_Pilot/app/api/shelf-locations/[id]/route")' does not satisfy the constraint 'RouteHandlerConfig<"/api/shelf-locations/[id]">'.
  Types of property 'PUT' are incompatible.
    Type '(request: NextRequest, { params }: { params: { id: string; }; }) => Promise<NextResponse<{ success: boolean; }>>' is not assignable to type '(request: NextRequest, context: { params: Promise<{ id: string; }>; }) => void | Response | Promise<void | Response>'.
      Types of parameters '__1' and 'context' are incompatible.
        Type '{ params: Promise<{ id: string; }>; }' is not assignable to type '{ params: { id: string; }; }'.
          Types of property 'params' are incompatible.
            Property 'id' is missing in type 'Promise<{ id: string; }>' but required in type '{ id: string; }'.
.next/dev/types/validator.ts(1593,31): error TS2344: Type 'typeof import("D:/BHAGOH PROJECT/Stock_Pilot/app/api/suppliers/[id]/balance/route")' does not satisfy the constraint 'RouteHandlerConfig<"/api/suppliers/[id]/balance">'.
  Types of property 'GET' are incompatible.
    Type '(request: NextRequest, { params }: { params: { id: string; }; }) => Promise<NextResponse<{ success: boolean; error: string; }> | NextResponse<{ success: boolean; id: any; name: any; totalPurchases: number; totalPayments: number; balance: number; transactions: any[]; }>>' is not assignable to type '(request: NextRequest, context: { params: Promise<{ id: string; }>; }) => void | Response | Promise<void | Response>'.
      Types of parameters '__1' and 'context' are incompatible.
        Type '{ params: Promise<{ id: string; }>; }' is not assignable to type '{ params: { id: string; }; }'.
          Types of property 'params' are incompatible.
            Property 'id' is missing in type 'Promise<{ id: string; }>' but required in type '{ id: string; }'.
.next/types/validator.ts(855,31): error TS2344: Type 'typeof import("D:/BHAGOH PROJECT/Stock_Pilot/app/api/external-api/logs/[id]/retry/route")' does not satisfy the constraint 'RouteHandlerConfig<"/api/external-api/logs/[id]/retry">'.
  Types of property 'POST' are incompatible.
    Type '(request: NextRequest, { params }: { params: { id: string; }; }) => Promise<NextResponse<{ success: boolean; error: string; }> | NextResponse<{ success: boolean; message: string; }>>' is not assignable to type '(request: NextRequest, context: { params: Promise<{ id: string; }>; }) => void | Response | Promise<void | Response>'.
      Types of parameters '__1' and 'context' are incompatible.
        Type '{ params: Promise<{ id: string; }>; }' is not assignable to type '{ params: { id: string; }; }'.
          Types of property 'params' are incompatible.
            Property 'id' is missing in type 'Promise<{ id: string; }>' but required in type '{ id: string; }'.
.next/types/validator.ts(1485,31): error TS2344: Type 'typeof import("D:/BHAGOH PROJECT/Stock_Pilot/app/api/shelf-locations/[id]/route")' does not satisfy the constraint 'RouteHandlerConfig<"/api/shelf-locations/[id]">'.
  Types of property 'PUT' are incompatible.
    Type '(request: NextRequest, { params }: { params: { id: string; }; }) => Promise<NextResponse<{ success: boolean; }>>' is not assignable to type '(request: NextRequest, context: { params: Promise<{ id: string; }>; }) => void | Response | Promise<void | Response>'.
      Types of parameters '__1' and 'context' are incompatible.
        Type '{ params: Promise<{ id: string; }>; }' is not assignable to type '{ params: { id: string; }; }'.
          Types of property 'params' are incompatible.
            Property 'id' is missing in type 'Promise<{ id: string; }>' but required in type '{ id: string; }'.
.next/types/validator.ts(1530,31): error TS2344: Type 'typeof import("D:/BHAGOH PROJECT/Stock_Pilot/app/api/suppliers/[id]/balance/route")' does not satisfy the constraint 'RouteHandlerConfig<"/api/suppliers/[id]/balance">'.
  Types of property 'GET' are incompatible.
    Type '(request: NextRequest, { params }: { params: { id: string; }; }) => Promise<NextResponse<{ success: boolean; error: string; }> | NextResponse<{ success: boolean; id: any; name: any; totalPurchases: number; totalPayments: number; balance: number; transactions: any[]; }>>' is not assignable to type '(request: NextRequest, context: { params: Promise<{ id: string; }>; }) => void | Response | Promise<void | Response>'.
      Types of parameters '__1' and 'context' are incompatible.
        Type '{ params: Promise<{ id: string; }>; }' is not assignable to type '{ params: { id: string; }; }'.
          Types of property 'params' are incompatible.
            Property 'id' is missing in type 'Promise<{ id: string; }>' but required in type '{ id: string; }'.
check_points_status.ts(2,23): error TS5097: An import path can only end with a '.ts' extension when 'allowImportingTsExtensions' is enabled.
lib/data.ts(253,3): error TS2741: Property 'paidAmount' is missing in type '{ id: string; supplierId: string; supplierName: string; date: string; items: { productId: string; productName: string; quantity: number; cost: number; }[]; total: number; paymentMethod: string; status: string; }' but required in type 'PurchaseOrder'.
lib/data.ts(266,3): error TS2741: Property 'paidAmount' is missing in type '{ id: string; supplierId: string; supplierName: string; date: string; items: { productId: string; productName: string; quantity: number; cost: number; }[]; total: number; paymentMethod: string; status: string; }' but required in type 'PurchaseOrder'.
lib/data.ts(278,3): error TS2741: Property 'paidAmount' is missing in type '{ id: string; supplierId: string; supplierName: string; date: string; items: { productId: string; productName: string; quantity: number; cost: number; }[]; total: number; paymentMethod: string; status: string; }' but required in type 'PurchaseOrder'.
scripts/debug-product-filter.ts(64,33): error TS7006: Parameter 'p' implicitly has an 'any' type.
scripts/migrations/index.ts(68,40): error TS5097: An import path can only end with a '.ts' extension when 'allowImportingTsExtensions' is enabled.
scripts/migrations/index.ts(71,40): error TS5097: An import path can only end with a '.ts' extension when 'allowImportingTsExtensions' is enabled.
scripts/verify_loyalty_delete_safeguard.ts(1,23): error TS2307: Cannot find module './lib/mysql' or its corresponding type declarations.
scripts/verify_reports.ts(12,31): error TS18046: 'data' is of type 'unknown'.
scripts/verify_reports.ts(13,62): error TS18046: 'data' is of type 'unknown'.
scripts/verify_reports.ts(13,75): error TS18046: 'data' is of type 'unknown'.
scripts/verify_reports.ts(14,11): error TS18046: 'data' is of type 'unknown'.
scripts/verify_reports.ts(15,44): error TS18046: 'data' is of type 'unknown'.
scripts/verify_reports.ts(15,78): error TS18046: 'data' is of type 'unknown'.
scripts/verify_reports.ts(21,39): error TS18046: 'error' is of type 'unknown'.
tmp/test-purchase-utils.ts(1,40): error TS5097: An import path can only end with a '.ts' extension when 'allowImportingTsExtensions' is enabled.
tmp_verify_soa.ts(1,23): error TS5097: An import path can only end with a '.ts' extension when 'allowImportingTsExtensions' is enabled.
update_schema_edit_price.ts(1,23): error TS5097: An import path can only end with a '.ts' extension when 'allowImportingTsExtensions' is enabled.
update_schema_settings.ts(1,23): error TS5097: An import path can only end with a '.ts' extension when 'allowImportingTsExtensions' is enabled.
