.next/dev/types/validator.ts(792,31): error TS2344: Type 'typeof import("D:/BHAGOH PROJECT/Stock_Pilot/app/api/external-api/logs/[id]/retry/route")' does not satisfy the constraint 'RouteHandlerConfig<"/api/external-api/logs/[id]/retry">'.
  Types of property 'POST' are incompatible.
    Type '(request: NextRequest, { params }: { params: { id: string; }; }) => Promise<NextResponse<{ success: boolean; error: string; }> | NextResponse<{ success: boolean; message: string; }>>' is not assignable to type '(request: NextRequest, context: { params: Promise<{ id: string; }>; }) => void | Response | Promise<void | Response>'.
      Types of parameters '__1' and 'context' are incompatible.
        Type '{ params: Promise<{ id: string; }>; }' is not assignable to type '{ params: { id: string; }; }'.
          Types of property 'params' are incompatible.
            Property 'id' is missing in type 'Promise<{ id: string; }>' but required in type '{ id: string; }'.
.next/dev/types/validator.ts(1377,31): error TS2344: Type 'typeof import("D:/BHAGOH PROJECT/Stock_Pilot/app/api/suppliers/[id]/balance/route")' does not satisfy the constraint 'RouteHandlerConfig<"/api/suppliers/[id]/balance">'.
  Types of property 'GET' are incompatible.
    Type '(request: NextRequest, { params }: { params: { id: string; }; }) => Promise<NextResponse<{ success: boolean; error: string; }> | NextResponse<{ success: boolean; id: any; name: any; totalPurchases: number; totalPayments: number; balance: number; transactions: any[]; }>>' is not assignable to type '(request: NextRequest, context: { params: Promise<{ id: string; }>; }) => void | Response | Promise<void | Response>'.
      Types of parameters '__1' and 'context' are incompatible.
        Type '{ params: Promise<{ id: string; }>; }' is not assignable to type '{ params: { id: string; }; }'.
          Types of property 'params' are incompatible.
            Property 'id' is missing in type 'Promise<{ id: string; }>' but required in type '{ id: string; }'.
.next/types/validator.ts(765,31): error TS2344: Type 'typeof import("D:/BHAGOH PROJECT/Stock_Pilot/app/api/external-api/logs/[id]/retry/route")' does not satisfy the constraint 'RouteHandlerConfig<"/api/external-api/logs/[id]/retry">'.
  Types of property 'POST' are incompatible.
    Type '(request: NextRequest, { params }: { params: { id: string; }; }) => Promise<NextResponse<{ success: boolean; error: string; }> | NextResponse<{ success: boolean; message: string; }>>' is not assignable to type '(request: NextRequest, context: { params: Promise<{ id: string; }>; }) => void | Response | Promise<void | Response>'.
      Types of parameters '__1' and 'context' are incompatible.
        Type '{ params: Promise<{ id: string; }>; }' is not assignable to type '{ params: { id: string; }; }'.
          Types of property 'params' are incompatible.
            Property 'id' is missing in type 'Promise<{ id: string; }>' but required in type '{ id: string; }'.
.next/types/validator.ts(1350,31): error TS2344: Type 'typeof import("D:/BHAGOH PROJECT/Stock_Pilot/app/api/suppliers/[id]/balance/route")' does not satisfy the constraint 'RouteHandlerConfig<"/api/suppliers/[id]/balance">'.
  Types of property 'GET' are incompatible.
    Type '(request: NextRequest, { params }: { params: { id: string; }; }) => Promise<NextResponse<{ success: boolean; error: string; }> | NextResponse<{ success: boolean; id: any; name: any; totalPurchases: number; totalPayments: number; balance: number; transactions: any[]; }>>' is not assignable to type '(request: NextRequest, context: { params: Promise<{ id: string; }>; }) => void | Response | Promise<void | Response>'.
      Types of parameters '__1' and 'context' are incompatible.
        Type '{ params: Promise<{ id: string; }>; }' is not assignable to type '{ params: { id: string; }; }'.
          Types of property 'params' are incompatible.
            Property 'id' is missing in type 'Promise<{ id: string; }>' but required in type '{ id: string; }'.
app/api/pos-terminals/route.ts(150,30): error TS2339: Property 'ip' does not exist on type 'NextRequest'.
scripts/debug-product-filter.ts(64,33): error TS7006: Parameter 'p' implicitly has an 'any' type.
scripts/verify_reports.ts(12,31): error TS18046: 'data' is of type 'unknown'.
scripts/verify_reports.ts(13,62): error TS18046: 'data' is of type 'unknown'.
scripts/verify_reports.ts(13,75): error TS18046: 'data' is of type 'unknown'.
scripts/verify_reports.ts(14,11): error TS18046: 'data' is of type 'unknown'.
scripts/verify_reports.ts(15,44): error TS18046: 'data' is of type 'unknown'.
scripts/verify_reports.ts(15,78): error TS18046: 'data' is of type 'unknown'.
scripts/verify_reports.ts(21,39): error TS18046: 'error' is of type 'unknown'.
update_schema_edit_price.ts(1,23): error TS5097: An import path can only end with a '.ts' extension when 'allowImportingTsExtensions' is enabled.
update_schema_settings.ts(1,23): error TS5097: An import path can only end with a '.ts' extension when 'allowImportingTsExtensions' is enabled.
